Fri Apr 25 12:48:47 UTC 2025: Attempting to stop trading bot...
Found PID file with PID: 931590
Process 931590 is running. Attempting to kill...
Successfully terminated process 931590
Removed PID file
No main bot processes found running
No other trading-related processes found
Removed bot_running marker file
-----------------------------------------
SHUTDOWN VERIFICATION REPORT
Timestamp: Fri Apr 25 12:48:49 UTC 2025
Status: SUCCESS
Details:
  - Terminated main bot process 931590
  - No main bot processes were running
  - No other trading-related processes were running
  - Removed .bot_running marker file
NOTE: Other Python processes are still running (may be unrelated):
root        2160  8.4  0.0 346424 28456 ?        Ss    2022 121618:22 /usr/bin/python2 /usr/bin/supervisord -c /etc/supervisord.conf
root        2173  1.0  0.0 961256 126428 ?       Ssl   2022 15373:26 /usr/libexec/platform-python -Es /usr/sbin/tuned -l -P
mihaelp   784926  0.0  0.0 251368 10800 ?        Ss   Apr24   0:53 /usr/bin/python3.6 /usr/bin/balances/atomic5.py
mihaelp  3470708  0.0  0.0 400424  7120 ?        Ss    2023  78:03 /usr/bin/python3.6 /usr/bin/balances/MDService.py
jlimon   3580988  0.1  0.0   5236  3272 ?        S    12:36   0:00 /home/jlimon/.vscode-server/extensions/ms-python.python-2025.4.0-linux-x64/python-env-tools/bin/pet server
jlimon   3581118  2.3  0.1 13055248 398536 ?     Sl   12:36   0:17 /home/jlimon/.vscode-server/cli/servers/Stable-17baf841131aa23349f217ca7c570c76ee87b957/server/node /home/jlimon/.vscode-server/extensions/ms-python.vscode-pylance-2025.4.1/dist/server.bundle.js --cancellationReceive=file:279543febfd9ba50a4dc5ee6c91f956e787d9d070d --node-ipc --clientProcessId=3578589
-----------------------------------------
Bot shutdown process completed with status: SUCCESS
Monitoring has been disabled. Bot will not restart automatically.
Monitoring will be automatically re-enabled when you run start_trading_bot.sh
-----------------------------------------
FINAL STATUS: SUCCESS
MONITORING: Disabled (bot will not restart automatically)
-----------------------------------------
